// 重构日志: 44243953
// 重构日志: 41f495ac
// 重构日志: 757e1134
// 同步 ID: bd0ca813 @ Sun Jul 26 14:53:30 UTC 2026
// 重构日志: b413f537
// 同步 ID: 0b22b176 @ Mon Jul 27 16:14:03 UTC 2026
// 重构日志: d10f82af
// 重构日志: 378ffe5f
// 重构日志: 7ca282e5
// 重构日志: eb2469d7
// 重构日志: 9cda9ba5
// 重构日志: c6920019
// 同步 ID: 3e270624 @ Fri Jul 31 04:08:12 UTC 2026
// 同步 ID: a7688d71 @ Fri Jul 31 08:14:07 UTC 2026
// 同步 ID: 25b07d14 @ Fri Jul 31 10:22:17 UTC 2026
// 重构日志: 6800628c
// 同步 ID: 1fb53d66 @ Sat Aug  1 15:56:18 UTC 2026
// 同步 ID: eafa5c61 @ Sat Aug  1 16:50:11 UTC 2026
// 同步 ID: 4fd29751 @ Sun Aug  2 00:30:27 UTC 2026
// 重构日志: 864c0e0e
// 重构日志: 1effe713
// 重构日志: b79382c9
// 重构日志: dd337283
// 同步 ID: e9caa8b9 @ Wed Aug  5 12:50:51 UTC 2026
// 重构日志: 4d612276
// 同步 ID: f1f1dee2 @ Wed Aug  5 20:51:12 UTC 2026
// 重构日志: 70e63531
// 同步 ID: 25ccf2b6 @ Sat Aug  8 08:19:30 UTC 2026
// 同步 ID: f10114ad @ Sat Aug  8 11:34:11 UTC 2026
// 同步 ID: 639da4b1 @ Sat Aug  8 14:08:11 UTC 2026
